
--- Training session started at Wed Apr 22 00:03:06 2026 ---
    Step    Epoch   TrLoss   TrPPL   VaLoss   VaPPL   GradN     Mem
---------------------------------------------------------------------------
      10    1/5     5.7589   317.0       --      --   4.151   272M/802M
      20    1/5     4.3544    77.8       --      --   2.487   272M/802M
      30    1/5     3.3689    29.0       --      --   0.836   272M/802M
      40    1/5     3.6036    36.7       --      --   0.313   272M/802M
      50    1/5     3.0407    20.9       --      --   0.239   272M/802M
      60    1/5     3.0837    21.8       --      --   0.344   272M/802M
      70    1/5     3.1645    23.7       --      --   0.277   272M/802M
      80    1/5     3.1040    22.3       --      --   0.399   272M/802M
      90    1/5     2.8733    17.7       --      --   0.303   272M/802M
     100    1/5     2.7478    15.6       --      --   0.280   272M/802M
     110    1/5     3.2993    27.1       --      --   0.437   272M/802M
     120    1/5     2.9668    19.4       --      --   0.286   272M/802M
     130    1/5     2.8852    17.9       --      --   0.278   272M/802M
     140    1/5     2.7085    15.0       --      --   0.387   272M/802M
     150    1/5     2.6879    14.7       --      --   0.265   272M/802M
     160    1/5     2.8094    16.6       --      --   0.294   272M/802M
     170    1/5     2.8529    17.3       --      --   0.351   272M/802M
     180    1/5     2.5335    12.6       --      --   0.343   272M/802M
     190    1/5     2.5492    12.8       --      --   0.512   272M/802M
     200    1/5     2.7159    15.1       --      --   0.357   272M/802M
     210    1/5     2.8175    16.7       --      --   0.349   272M/802M
     220    1/5     2.7379    15.5       --      --   0.382   272M/802M
     230    1/5     2.1367     8.5       --      --   0.333   272M/802M
     240    1/5     2.6980    14.8       --      --   0.551   272M/802M
     250    1/5     2.5945    13.4       --      --   0.496   272M/802M
     260    1/5     2.5960    13.4       --      --   0.278   272M/802M
     270    1/5     2.4364    11.4       --      --   0.304   272M/802M
---------------------------------------------------------------------------
  EPOCH 1/5 SUMMARY: TrLoss=3.0539 | VaLoss=2.5040 | VaPPL=12.2
---------------------------------------------------------------------------
     280    2/5     1.9667     7.1       --      --   0.363   274M/802M
     290    2/5     2.2175     9.2       --      --   0.310   274M/802M
     300    2/5     2.4780    11.9       --      --   0.315   274M/802M
     310    2/5     2.3930    10.9       --      --   0.342   274M/802M
     320    2/5     2.4319    11.4       --      --   0.325   274M/802M
     330    2/5     2.4458    11.5       --      --   0.347   274M/802M
     340    2/5     2.4230    11.3       --      --   0.285   274M/802M
     350    2/5     2.3549    10.5       --      --   0.287   274M/802M
     360    2/5     2.3522    10.5       --      --   0.426   274M/802M
     370    2/5     2.6217    13.8       --      --   0.297   274M/802M
     380    2/5     2.7122    15.1       --      --   0.330   274M/802M
     390    2/5     2.2356     9.4       --      --   0.297   274M/802M
     400    2/5     2.5492    12.8       --      --   0.307   274M/802M
     410    2/5     2.6688    14.4       --      --   0.522   274M/802M
     420    2/5     2.5675    13.0       --      --   0.363   274M/802M
     430    2/5     2.4049    11.1       --      --   0.320   274M/802M
     440    2/5     2.4569    11.7       --      --   0.310   274M/802M
     450    2/5     2.7296    15.3       --      --   0.313   274M/802M
     460    2/5     2.5083    12.3       --      --   0.327   274M/802M
     470    2/5     2.4181    11.2       --      --   0.323   274M/802M
     480    2/5     2.8552    17.4       --      --   0.406   274M/802M
     490    2/5     2.3252    10.2       --      --   0.483   274M/802M
     500    2/5     2.0771     8.0       --      --   0.302   274M/802M
     510    2/5     2.5321    12.6       --      --   0.326   274M/802M
     520    2/5     2.4105    11.1       --      --   0.332   274M/802M
     530    2/5     2.5968    13.4       --      --   0.431   274M/802M
     540    2/5     2.6239    13.8       --      --   0.363   274M/802M
     550    2/5     2.5182    12.4       --      --   0.359   274M/802M
---------------------------------------------------------------------------
  EPOCH 2/5 SUMMARY: TrLoss=2.4667 | VaLoss=2.3254 | VaPPL=10.2
---------------------------------------------------------------------------
     560    3/5     2.4498    11.6       --      --   0.388   274M/802M
     570    3/5     2.3189    10.2       --      --   0.282   274M/802M
     580    3/5     2.4599    11.7       --      --   0.304   274M/802M
     590    3/5     2.0277     7.6       --      --   0.358   274M/802M
     600    3/5     2.1984     9.0       --      --   0.339   274M/802M
     610    3/5     2.4039    11.1       --      --   0.332   274M/802M
     620    3/5     2.2920     9.9       --      --   0.359   274M/802M
     630    3/5     2.3329    10.3       --      --   0.285   274M/802M
     640    3/5     2.6609    14.3       --      --   0.409   274M/802M
     650    3/5     2.3192    10.2       --      --   0.404   274M/802M
     660    3/5     2.4851    12.0       --      --   0.311   274M/802M
     670    3/5     2.7192    15.2       --      --   0.411   274M/802M
     680    3/5     2.7017    14.9       --      --   0.304   274M/802M
     690    3/5     2.4396    11.5       --      --   0.359   274M/802M
     700    3/5     2.0290     7.6       --      --   0.303   274M/802M
     710    3/5     2.3259    10.2       --      --   0.416   274M/802M
     720    3/5     2.3338    10.3       --      --   0.390   274M/802M
     730    3/5     2.2882     9.9       --      --   0.354   274M/802M
     740    3/5     2.0712     7.9       --      --   0.330   274M/802M
     750    3/5     2.4526    11.6       --      --   0.306   274M/802M
     760    3/5     2.3698    10.7       --      --   0.303   274M/802M
     770    3/5     2.4605    11.7       --      --   0.354   274M/802M
     780    3/5     2.0272     7.6       --      --   0.338   274M/802M
     790    3/5     2.0410     7.7       --      --   0.384   274M/802M
     800    3/5     2.2672     9.7       --      --   0.403   274M/802M
     810    3/5     2.3712    10.7       --      --   0.346   274M/802M
     820    3/5     2.2546     9.5       --      --   0.358   274M/802M
---------------------------------------------------------------------------
  EPOCH 3/5 SUMMARY: TrLoss=2.3070 | VaLoss=2.2068 | VaPPL=9.1
---------------------------------------------------------------------------
     830    4/5     2.2658     9.6       --      --   0.382   274M/802M
     840    4/5     2.0796     8.0       --      --   0.326   274M/802M
     850    4/5     2.1907     8.9       --      --   0.386   274M/802M
     860    4/5     2.3308    10.3       --      --   0.373   274M/802M
     870    4/5     2.1991     9.0       --      --   0.320   274M/802M
     880    4/5     2.1050     8.2       --      --   0.443   274M/802M
     890    4/5     2.0069     7.4       --      --   0.352   274M/802M
     900    4/5     2.2997    10.0       --      --   0.385   274M/802M
     910    4/5     2.3958    11.0       --      --   0.346   274M/802M
     920    4/5     2.2817     9.8       --      --   0.368   274M/802M
     930    4/5     2.2832     9.8       --      --   0.332   274M/802M
     940    4/5     2.2566     9.6       --      --   0.355   274M/802M
     950    4/5     1.9222     6.8       --      --   0.324   274M/802M
     960    4/5     2.0834     8.0       --      --   0.435   274M/802M
     970    4/5     2.3285    10.3       --      --   0.391   274M/802M
     980    4/5     2.4280    11.3       --      --   0.367   274M/802M
     990    4/5     2.2297     9.3       --      --   0.326   274M/802M
    1000    4/5     2.2581     9.6       --      --   0.385   274M/802M
    1010    4/5     1.9385     6.9       --      --   0.366   274M/802M
    1020    4/5     2.1496     8.6       --      --   0.356   274M/802M
    1030    4/5     2.0708     7.9       --      --   0.323   274M/802M
    1040    4/5     2.1515     8.6       --      --   0.347   274M/802M
    1050    4/5     2.0169     7.5       --      --   0.285   274M/802M
    1060    4/5     2.1492     8.6       --      --   0.348   274M/802M
    1070    4/5     2.1916     8.9       --      --   0.340   274M/802M
    1080    4/5     2.2403     9.4       --      --   0.475   274M/802M
    1090    4/5     2.0665     7.9       --      --   0.301   274M/802M
    1100    4/5     2.0022     7.4       --      --   0.428   274M/802M
---------------------------------------------------------------------------
  EPOCH 4/5 SUMMARY: TrLoss=2.1938 | VaLoss=2.1220 | VaPPL=8.3
---------------------------------------------------------------------------
    1110    5/5     2.0832     8.0       --      --   0.379   274M/802M
    1120    5/5     2.1197     8.3       --      --   0.323   274M/802M
    1130    5/5     2.4722    11.8       --      --   0.329   274M/802M
    1140    5/5     1.9243     6.9       --      --   0.359   274M/802M
    1150    5/5     2.4202    11.2       --      --   0.348   274M/802M
    1160    5/5     2.3149    10.1       --      --   0.367   274M/802M
    1170    5/5     2.3489    10.5       --      --   0.423   274M/802M
    1180    5/5     1.8343     6.3       --      --   0.348   274M/802M
    1190    5/5     2.5109    12.3       --      --   0.417   274M/802M
    1200    5/5     2.1694     8.8       --      --   0.363   274M/802M
    1210    5/5     2.1177     8.3       --      --   0.361   274M/802M
    1220    5/5     2.0349     7.7       --      --   0.363   274M/802M
    1230    5/5     2.1578     8.7       --      --   0.362   274M/802M
    1240    5/5     2.2689     9.7       --      --   0.351   274M/802M
    1250    5/5     2.1830     8.9       --      --   0.418   274M/802M
    1260    5/5     1.9162     6.8       --      --   0.306   274M/802M
    1270    5/5     2.3353    10.3       --      --   0.380   274M/802M
    1280    5/5     2.4437    11.5       --      --   0.370   274M/802M
    1290    5/5     1.9657     7.1       --      --   0.356   274M/802M
    1300    5/5     2.0839     8.0       --      --   0.364   274M/802M
    1310    5/5     2.4003    11.0       --      --   0.391   274M/802M
    1320    5/5     1.7597     5.8       --      --   0.342   274M/802M
    1330    5/5     1.9087     6.7       --      --   0.348   274M/802M
    1340    5/5     1.9579     7.1       --      --   0.386   274M/802M
    1350    5/5     2.3234    10.2       --      --   0.377   274M/802M
    1360    5/5     2.4212    11.3       --      --   0.359   274M/802M
    1370    5/5     2.2262     9.3       --      --   0.347   274M/802M
    1380    5/5     2.3657    10.7       --      --   0.338   274M/802M
---------------------------------------------------------------------------
  EPOCH 5/5 SUMMARY: TrLoss=2.1059 | VaLoss=2.0588 | VaPPL=7.8
---------------------------------------------------------------------------

--- Training session started at Wed Apr 22 01:15:20 2026 ---
    Step    Epoch   TrLoss   TrPPL   VaLoss   VaPPL   GradN     Mem
---------------------------------------------------------------------------
      10    1/5     1.9990     7.4       --      --   0.302   277M/822M
      20    1/5     1.9095     6.7       --      --   0.321   277M/822M
      30    1/5     1.7905     6.0       --      --   0.296   277M/822M
      40    1/5     1.8325     6.2       --      --   0.289   277M/822M
      50    1/5     2.0046     7.4       --      --   0.300   277M/822M
      60    1/5     1.9765     7.2       --      --   0.314   277M/822M
      70    1/5     2.2443     9.4       --      --   0.411   277M/822M
      80    1/5     2.0437     7.7       --      --   0.304   277M/822M
      90    1/5     2.1196     8.3       --      --   0.316   277M/822M
     100    1/5     1.8063     6.1       --      --   0.292   277M/822M
     110    1/5     1.8381     6.3       --      --   0.305   277M/822M
     120    1/5     1.8858     6.6       --      --   0.296   277M/822M
     130    1/5     2.0556     7.8       --      --   0.332   277M/822M
     140    1/5     2.2078     9.1       --      --   0.334   277M/822M
     150    1/5     1.8981     6.7       --      --   0.303   277M/822M
     160    1/5     1.8615     6.4       --      --   0.307   277M/822M
     170    1/5     2.1882     8.9       --      --   0.365   277M/822M
     180    1/5     1.9194     6.8       --      --   0.313   277M/822M
     190    1/5     2.1154     8.3       --      --   0.323   277M/822M
     200    1/5     2.0882     8.1       --      --   0.332   277M/822M
     210    1/5     1.8790     6.5       --      --   0.298   277M/822M
     220    1/5     1.7427     5.7       --      --   0.314   277M/822M
     230    1/5     1.9661     7.1       --      --   0.329   277M/822M
     240    1/5     2.1382     8.5       --      --   0.329   277M/822M
     250    1/5     1.9760     7.2       --      --   0.335   277M/822M
     260    1/5     2.0547     7.8       --      --   0.349   277M/822M
     270    1/5     2.1024     8.2       --      --   0.328   277M/822M
---------------------------------------------------------------------------
  EPOCH 1/5 SUMMARY: TrLoss=2.0111 | VaLoss=2.0157 | VaPPL=7.5
---------------------------------------------------------------------------
     280    2/5     2.1035     8.2       --      --   0.344   279M/822M
     290    2/5     2.2617     9.6       --      --   0.341   279M/822M
     300    2/5     1.8234     6.2       --      --   0.304   279M/822M
     310    2/5     1.6642     5.3       --      --   0.288   279M/822M
     320    2/5     2.0054     7.4       --      --   0.335   279M/822M
     330    2/5     1.9581     7.1       --      --   0.318   279M/822M
     340    2/5     1.8028     6.1       --      --   0.323   279M/822M
     350    2/5     2.1857     8.9       --      --   0.342   279M/822M
     360    2/5     1.8643     6.5       --      --   0.317   279M/822M
     370    2/5     1.8804     6.6       --      --   0.311   279M/822M
     380    2/5     1.9224     6.8       --      --   0.318   279M/822M
     390    2/5     1.9659     7.1       --      --   0.319   279M/822M
     400    2/5     2.1988     9.0       --      --   0.317   279M/822M
     410    2/5     1.8820     6.6       --      --   0.318   279M/822M
     420    2/5     1.7632     5.8       --      --   0.342   279M/822M
     430    2/5     1.7841     6.0       --      --   0.312   279M/822M
     440    2/5     2.0897     8.1       --      --   0.352   279M/822M
     450    2/5     1.8829     6.6       --      --   0.326   279M/822M
     460    2/5     1.9691     7.2       --      --   0.324   279M/822M
     470    2/5     1.8155     6.1       --      --   0.322   279M/822M
     480    2/5     1.8034     6.1       --      --   0.315   279M/822M
     490    2/5     2.0836     8.0       --      --   0.374   279M/822M
     500    2/5     2.0867     8.1       --      --   0.376   279M/822M
     510    2/5     1.9889     7.3       --      --   0.337   279M/822M
     520    2/5     1.8872     6.6       --      --   0.327   279M/822M
     530    2/5     2.0956     8.1       --      --   0.346   279M/822M
     540    2/5     1.7250     5.6       --      --   0.297   279M/822M
     550    2/5     2.0247     7.6       --      --   0.359   279M/822M
---------------------------------------------------------------------------
  EPOCH 2/5 SUMMARY: TrLoss=1.9869 | VaLoss=2.0023 | VaPPL=7.4
---------------------------------------------------------------------------
     560    3/5     1.7905     6.0       --      --   0.324   279M/822M
     570    3/5     2.0949     8.1       --      --   0.368   279M/822M
     580    3/5     1.8828     6.6       --      --   0.319   279M/822M
     590    3/5     2.1143     8.3       --      --   0.331   279M/822M
     600    3/5     2.2434     9.4       --      --   0.363   279M/822M
     610    3/5     2.0201     7.5       --      --   0.325   279M/822M
     620    3/5     2.1294     8.4       --      --   0.369   279M/822M
     630    3/5     2.0798     8.0       --      --   0.337   279M/822M
     640    3/5     1.8994     6.7       --      --   0.329   279M/822M
     650    3/5     1.9047     6.7       --      --   0.361   279M/822M
     660    3/5     1.9123     6.8       --      --   0.354   279M/822M
     670    3/5     1.9904     7.3       --      --   0.334   279M/822M
     680    3/5     1.9224     6.8       --      --   0.339   279M/822M
     690    3/5     1.8480     6.3       --      --   0.336   279M/822M
     700    3/5     1.8173     6.2       --      --   0.352   279M/822M
     710    3/5     2.0983     8.2       --      --   0.353   279M/822M
     720    3/5     1.9679     7.2       --      --   0.367   279M/822M
     730    3/5     1.8889     6.6       --      --   0.356   279M/822M
     740    3/5     2.0512     7.8       --      --   0.357   279M/822M
     750    3/5     2.0881     8.1       --      --   0.333   279M/822M
     760    3/5     1.6082     5.0       --      --   0.304   279M/822M
     770    3/5     1.7788     5.9       --      --   0.332   279M/822M
     780    3/5     1.7290     5.6       --      --   0.305   279M/822M
     790    3/5     1.7787     5.9       --      --   0.311   279M/822M
     800    3/5     1.9320     6.9       --      --   0.365   279M/822M
     810    3/5     2.0328     7.6       --      --   0.363   279M/822M
     820    3/5     2.3712    10.7       --      --   0.360   279M/822M
---------------------------------------------------------------------------
  EPOCH 3/5 SUMMARY: TrLoss=1.9703 | VaLoss=1.9922 | VaPPL=7.3
---------------------------------------------------------------------------
     830    4/5     1.8438     6.3       --      --   0.338   279M/822M
     840    4/5     2.0806     8.0       --      --   0.336   279M/822M
     850    4/5     1.8321     6.2       --      --   0.322   279M/822M
     860    4/5     1.8840     6.6       --      --   0.340   279M/822M
     870    4/5     1.8403     6.3       --      --   0.321   279M/822M
     880    4/5     2.0162     7.5       --      --   0.391   279M/822M
     890    4/5     1.8505     6.4       --      --   0.342   279M/822M
     900    4/5     1.9992     7.4       --      --   0.365   279M/822M
     910    4/5     1.7391     5.7       --      --   0.316   279M/822M
     920    4/5     1.9132     6.8       --      --   0.363   279M/822M
     930    4/5     1.9723     7.2       --      --   0.348   279M/822M
     940    4/5     2.0057     7.4       --      --   0.348   279M/822M
     950    4/5     1.6144     5.0       --      --   0.317   279M/822M
     960    4/5     1.8534     6.4       --      --   0.334   279M/822M
     970    4/5     1.7705     5.9       --      --   0.332   279M/822M
     980    4/5     2.0699     7.9       --      --   0.366   279M/822M
     990    4/5     2.3078    10.1       --      --   0.388   279M/822M
    1000    4/5     1.9338     6.9       --      --   0.395   279M/822M
    1010    4/5     1.7058     5.5       --      --   0.342   279M/822M
    1020    4/5     1.8874     6.6       --      --   0.389   279M/822M
    1030    4/5     2.1878     8.9       --      --   0.367   279M/822M
    1040    4/5     2.0496     7.8       --      --   0.365   279M/822M
    1050    4/5     1.9706     7.2       --      --   0.361   279M/822M
    1060    4/5     1.6671     5.3       --      --   0.303   279M/822M
    1070    4/5     1.7397     5.7       --      --   0.319   279M/822M
    1080    4/5     2.1151     8.3       --      --   0.378   279M/822M
    1090    4/5     1.8251     6.2       --      --   0.351   279M/822M
    1100    4/5     2.0956     8.1       --      --   0.357   279M/822M
---------------------------------------------------------------------------
  EPOCH 4/5 SUMMARY: TrLoss=1.9549 | VaLoss=1.9814 | VaPPL=7.3
---------------------------------------------------------------------------
    1110    5/5     1.9766     7.2       --      --   0.349   279M/822M
    1120    5/5     1.8529     6.4       --      --   0.363   279M/822M
    1130    5/5     1.7120     5.5       --      --   0.306   279M/822M
    1140    5/5     2.1037     8.2       --      --   0.370   279M/822M
    1150    5/5     2.0053     7.4       --      --   0.375   279M/822M
    1160    5/5     2.0370     7.7       --      --   0.393   279M/822M
    1170    5/5     1.6717     5.3       --      --   0.336   279M/822M
    1180    5/5     2.2222     9.2       --      --   0.378   279M/822M
    1190    5/5     1.8619     6.4       --      --   0.339   279M/822M
    1200    5/5     1.9291     6.9       --      --   0.351   279M/822M
    1210    5/5     1.7244     5.6       --      --   0.337   279M/822M
    1220    5/5     2.0421     7.7       --      --   0.382   279M/822M
    1230    5/5     2.0332     7.6       --      --   0.368   279M/822M
    1240    5/5     2.1373     8.5       --      --   0.371   279M/822M
    1250    5/5     1.8183     6.2       --      --   0.436   279M/822M
    1260    5/5     2.2223     9.2       --      --   0.396   279M/822M
    1270    5/5     2.2215     9.2       --      --   0.398   279M/822M
    1280    5/5     1.9096     6.8       --      --   0.376   279M/822M
    1290    5/5     1.7473     5.7       --      --   0.346   279M/822M
    1300    5/5     1.8364     6.3       --      --   0.347   279M/822M
    1310    5/5     1.7068     5.5       --      --   0.340   279M/822M
    1320    5/5     1.7439     5.7       --      --   0.342   279M/822M
    1330    5/5     1.8424     6.3       --      --   0.375   279M/822M
    1340    5/5     1.9751     7.2       --      --   0.342   279M/822M
    1350    5/5     1.9601     7.1       --      --   0.383   279M/822M
    1360    5/5     1.8138     6.1       --      --   0.359   279M/822M
    1370    5/5     1.7571     5.8       --      --   0.323   279M/822M
    1380    5/5     2.0048     7.4       --      --   0.371   279M/822M
---------------------------------------------------------------------------
  EPOCH 5/5 SUMMARY: TrLoss=1.9425 | VaLoss=1.9714 | VaPPL=7.2
---------------------------------------------------------------------------

--- Training session started at Wed Apr 22 02:35:03 2026 ---
    Step    Epoch   TrLoss   TrPPL   VaLoss   VaPPL   GradN     Mem
---------------------------------------------------------------------------
      10    1/5     2.0093     7.5       --      --   0.358   277M/832M
      20    1/5     1.8609     6.4       --      --   0.342   277M/832M
      30    1/5     1.9830     7.3       --      --   0.370   277M/832M
      40    1/5     2.3343    10.3       --      --   0.383   277M/832M
      50    1/5     1.9449     7.0       --      --   0.391   277M/832M
      60    1/5     1.9292     6.9       --      --   0.350   277M/832M
      70    1/5     1.8681     6.5       --      --   0.347   277M/832M
      80    1/5     1.8572     6.4       --      --   0.336   277M/832M
      90    1/5     2.1245     8.4       --      --   0.402   277M/832M
     100    1/5     1.9789     7.2       --      --   0.370   277M/832M
     110    1/5     1.8388     6.3       --      --   0.358   277M/832M
     120    1/5     2.2641     9.6       --      --   0.388   277M/832M
     130    1/5     2.0560     7.8       --      --   0.355   277M/832M
     140    1/5     2.0724     7.9       --      --   0.368   277M/832M
     150    1/5     2.0684     7.9       --      --   0.371   277M/832M
     160    1/5     1.9269     6.9       --      --   0.374   277M/832M
     170    1/5     2.1623     8.7       --      --   0.391   277M/832M
     180    1/5     2.0675     7.9       --      --   0.404   277M/832M
     190    1/5     2.0480     7.8       --      --   0.382   277M/832M
     200    1/5     2.5232    12.5       --      --   0.448   277M/832M
     210    1/5     1.7754     5.9       --      --   0.349   277M/832M
     220    1/5     1.7465     5.7       --      --   0.350   277M/832M
     230    1/5     2.1014     8.2       --      --   0.377   277M/832M
     240    1/5     1.9315     6.9       --      --   0.377   277M/832M
     250    1/5     1.8288     6.2       --      --   0.381   277M/832M
     260    1/5     1.9466     7.0       --      --   0.408   277M/832M
     270    1/5     2.0951     8.1       --      --   0.388   277M/832M
---------------------------------------------------------------------------
  EPOCH 1/5 SUMMARY: TrLoss=1.9317 | VaLoss=1.9647 | VaPPL=7.1
---------------------------------------------------------------------------
     280    2/5     1.9393     7.0       --      --   0.381   279M/832M
     290    2/5     2.1697     8.8       --      --   0.386   279M/832M
     300    2/5     1.9274     6.9       --      --   0.359   279M/832M
     310    2/5     2.0054     7.4       --      --   0.368   279M/832M
     320    2/5     1.9149     6.8       --      --   0.382   279M/832M
     330    2/5     1.6135     5.0       --      --   0.352   279M/832M
     340    2/5     1.8608     6.4       --      --   0.380   279M/832M
     350    2/5     1.6698     5.3       --      --   0.358   279M/832M
     360    2/5     1.6217     5.1       --      --   0.346   279M/832M
     370    2/5     1.9187     6.8       --      --   0.405   279M/832M
     380    2/5     1.9135     6.8       --      --   0.398   279M/832M
     390    2/5     2.1357     8.5       --      --   0.372   279M/832M
     400    2/5     2.0366     7.7       --      --   0.371   279M/832M
     410    2/5     1.6488     5.2       --      --   0.342   279M/832M
     420    2/5     1.8382     6.3       --      --   0.359   279M/832M
     430    2/5     1.7099     5.5       --      --   0.335   279M/832M
     440    2/5     2.1057     8.2       --      --   0.394   279M/832M
     450    2/5     2.2049     9.1       --      --   0.408   279M/832M
     460    2/5     1.8305     6.2       --      --   0.365   279M/832M
     470    2/5     2.0111     7.5       --      --   0.403   279M/832M
     480    2/5     1.9782     7.2       --      --   0.397   279M/832M
     490    2/5     1.8788     6.5       --      --   0.406   279M/832M
     500    2/5     1.8715     6.5       --      --   0.366   279M/832M
     510    2/5     2.0119     7.5       --      --   0.357   279M/832M
     520    2/5     1.7432     5.7       --      --   0.358   279M/832M
     530    2/5     1.8830     6.6       --      --   0.360   279M/832M
     540    2/5     1.8711     6.5       --      --   0.352   279M/832M
     550    2/5     1.8283     6.2       --      --   0.362   279M/832M
---------------------------------------------------------------------------
  EPOCH 2/5 SUMMARY: TrLoss=1.9186 | VaLoss=1.9567 | VaPPL=7.1
---------------------------------------------------------------------------
     560    3/5     1.8129     6.1       --      --   0.376   279M/832M
     570    3/5     1.7479     5.7       --      --   0.360   279M/832M
     580    3/5     1.9024     6.7       --      --   0.385   279M/832M
     590    3/5     2.0551     7.8       --      --   0.390   279M/832M
     600    3/5     1.8255     6.2       --      --   0.373   279M/832M
     610    3/5     1.6650     5.3       --      --   0.345   279M/832M
     620    3/5     1.8563     6.4       --      --   0.377   279M/832M
     630    3/5     1.7741     5.9       --      --   0.349   279M/832M
     640    3/5     1.9446     7.0       --      --   0.380   279M/832M
     650    3/5     1.8436     6.3       --      --   0.356   279M/832M
     660    3/5     1.9129     6.8       --      --   0.392   279M/832M
     670    3/5     1.8293     6.2       --      --   0.398   279M/832M
     680    3/5     1.7839     6.0       --      --   0.375   279M/832M
     690    3/5     1.7944     6.0       --      --   0.376   279M/832M
     700    3/5     1.8757     6.5       --      --   0.390   279M/832M
     710    3/5     1.6368     5.1       --      --   0.343   279M/832M
     720    3/5     1.7288     5.6       --      --   0.380   279M/832M
     730    3/5     1.7730     5.9       --      --   0.383   279M/832M
     740    3/5     1.8584     6.4       --      --   0.404   279M/832M
     750    3/5     1.9254     6.9       --      --   0.388   279M/832M
     760    3/5     1.8883     6.6       --      --   0.367   279M/832M
     770    3/5     1.9005     6.7       --      --   0.399   279M/832M
     780    3/5     2.0850     8.0       --      --   0.383   279M/832M
     790    3/5     2.0552     7.8       --      --   0.380   279M/832M
     800    3/5     1.9990     7.4       --      --   0.389   279M/832M
     810    3/5     1.8145     6.1       --      --   0.355   279M/832M
     820    3/5     2.0504     7.8       --      --   0.423   279M/832M
---------------------------------------------------------------------------
  EPOCH 3/5 SUMMARY: TrLoss=1.9069 | VaLoss=1.9482 | VaPPL=7.0
---------------------------------------------------------------------------
     830    4/5     1.8575     6.4       --      --   0.349   279M/832M
     840    4/5     1.8763     6.5       --      --   0.392   279M/832M
     850    4/5     1.7817     5.9       --      --   0.392   279M/832M
     860    4/5     1.9547     7.1       --      --   0.384   279M/832M
     870    4/5     1.8644     6.5       --      --   0.376   279M/832M
     880    4/5     2.1767     8.8       --      --   0.419   279M/832M
     890    4/5     1.7642     5.8       --      --   0.371   279M/832M
     900    4/5     1.9206     6.8       --      --   0.397   279M/832M
     910    4/5     1.5849     4.9       --      --   0.345   279M/832M
     920    4/5     1.7128     5.5       --      --   0.346   279M/832M
     930    4/5     2.0039     7.4       --      --   0.383   279M/832M
     940    4/5     1.6722     5.3       --      --   0.359   279M/832M
     950    4/5     1.8409     6.3       --      --   0.378   279M/832M
     960    4/5     1.7094     5.5       --      --   0.352   279M/832M
     970    4/5     1.8261     6.2       --      --   0.400   279M/832M
     980    4/5     1.6581     5.2       --      --   0.352   279M/832M
     990    4/5     1.9698     7.2       --      --   0.407   279M/832M
    1000    4/5     1.7462     5.7       --      --   0.357   279M/832M
    1010    4/5     1.7734     5.9       --      --   0.379   279M/832M
    1020    4/5     1.4512     4.3       --      --   0.357   279M/832M
    1030    4/5     2.2233     9.2       --      --   0.433   279M/832M
    1040    4/5     1.9269     6.9       --      --   0.394   279M/832M
    1050    4/5     2.0079     7.4       --      --   0.398   279M/832M
    1060    4/5     1.7847     6.0       --      --   0.396   279M/832M
    1070    4/5     1.8122     6.1       --      --   0.381   279M/832M
    1080    4/5     1.7238     5.6       --      --   0.372   279M/832M
    1090    4/5     1.8323     6.2       --      --   0.380   279M/832M
    1100    4/5     2.0316     7.6       --      --   0.399   279M/832M
---------------------------------------------------------------------------
  EPOCH 4/5 SUMMARY: TrLoss=1.8956 | VaLoss=1.9409 | VaPPL=7.0
---------------------------------------------------------------------------
    1110    5/5     1.5080     4.5       --      --   0.361   279M/832M
    1120    5/5     1.8004     6.1       --      --   0.376   279M/832M
    1130    5/5     1.9459     7.0       --      --   0.381   279M/832M
    1140    5/5     1.8121     6.1       --      --   0.413   279M/832M
    1150    5/5     1.7024     5.5       --      --   0.370   279M/832M
    1160    5/5     1.6515     5.2       --      --   0.360   279M/832M
    1170    5/5     1.8782     6.5       --      --   0.440   279M/832M
    1180    5/5     1.9050     6.7       --      --   0.413   279M/832M
    1190    5/5     2.0608     7.9       --      --   0.418   279M/832M
    1200    5/5     2.0540     7.8       --      --   0.417   279M/832M
    1210    5/5     1.9107     6.8       --      --   0.447   279M/832M
    1220    5/5     1.9247     6.9       --      --   0.391   279M/832M
    1230    5/5     1.7604     5.8       --      --   0.397   279M/832M
    1240    5/5     1.7846     6.0       --      --   0.384   279M/832M
    1250    5/5     2.0048     7.4       --      --   0.412   279M/832M
    1260    5/5     1.6973     5.5       --      --   0.367   279M/832M
    1270    5/5     1.5938     4.9       --      --   0.356   279M/832M
    1280    5/5     1.9781     7.2       --      --   0.407   279M/832M
    1290    5/5     2.0580     7.8       --      --   0.417   279M/832M
    1300    5/5     1.9764     7.2       --      --   0.412   279M/832M
    1310    5/5     1.7337     5.7       --      --   0.379   279M/832M
    1320    5/5     2.0037     7.4       --      --   0.422   279M/832M
    1330    5/5     2.0038     7.4       --      --   0.405   279M/832M
    1340    5/5     1.9932     7.3       --      --   0.409   279M/832M
    1350    5/5     1.7332     5.7       --      --   0.379   279M/832M
    1360    5/5     1.7750     5.9       --      --   0.389   279M/832M
    1370    5/5     1.8392     6.3       --      --   0.389   279M/832M
    1380    5/5     1.7858     6.0       --      --   0.364   279M/832M
---------------------------------------------------------------------------
  EPOCH 5/5 SUMMARY: TrLoss=1.8831 | VaLoss=1.9336 | VaPPL=6.9
---------------------------------------------------------------------------

--- Training session started at Wed Apr 22 13:18:22 2026 ---
    Step    Epoch   TrLoss   TrPPL   VaLoss   VaPPL   GradN     Mem
---------------------------------------------------------------------------
      10    1/20    2.0039     7.4       --      --   0.420   277M/756M
      20    1/20    1.6088     5.0       --      --   0.366   277M/756M
      30    1/20    1.9379     6.9       --      --   0.403   277M/756M
      40    1/20    1.9152     6.8       --      --   0.429   277M/756M
      50    1/20    2.0698     7.9       --      --   0.407   277M/756M
      60    1/20    2.0644     7.9       --      --   0.409   277M/756M
      70    1/20    2.0246     7.6       --      --   0.411   277M/756M
      80    1/20    1.8040     6.1       --      --   0.368   277M/756M
      90    1/20    1.9096     6.8       --      --   0.394   277M/756M
     100    1/20    2.0760     8.0       --      --   0.419   277M/756M
     110    1/20    1.6902     5.4       --      --   0.354   277M/756M
     120    1/20    1.8609     6.4       --      --   0.403   277M/756M
     130    1/20    1.8882     6.6       --      --   0.396   277M/756M
     140    1/20    2.0651     7.9       --      --   0.432   277M/756M
     150    1/20    1.9037     6.7       --      --   0.399   277M/756M
     160    1/20    1.8222     6.2       --      --   0.380   277M/756M
     170    1/20    1.7620     5.8       --      --   0.413   277M/756M
     180    1/20    1.7709     5.9       --      --   0.383   277M/756M
     190    1/20    1.9669     7.1       --      --   0.393   277M/756M
     200    1/20    1.8359     6.3       --      --   0.407   277M/756M
     210    1/20    2.0102     7.5       --      --   0.423   277M/756M
     220    1/20    2.1985     9.0       --      --   0.400   277M/756M
     230    1/20    1.8300     6.2       --      --   0.400   277M/756M
     240    1/20    1.8486     6.4       --      --   0.410   277M/756M
     250    1/20    1.7906     6.0       --      --   0.399   277M/756M
     260    1/20    2.1495     8.6       --      --   0.433   277M/756M
     270    1/20    1.9150     6.8       --      --   0.413   277M/756M
---------------------------------------------------------------------------
  EPOCH 1/20 SUMMARY: TrLoss=1.8752 | VaLoss=1.9299 | VaPPL=6.9
---------------------------------------------------------------------------
     280    2/20    1.9753     7.2       --      --   0.466   279M/756M
     290    2/20    1.9249     6.9       --      --   0.382   279M/756M
     300    2/20    2.2754     9.7       --      --   0.447   279M/756M
     310    2/20    1.8136     6.1       --      --   0.402   279M/756M
     320    2/20    1.6532     5.2       --      --   0.383   279M/756M
     330    2/20    1.9056     6.7       --      --   0.398   279M/756M
     340    2/20    1.8537     6.4       --      --   0.450   279M/756M
     350    2/20    1.8226     6.2       --      --   0.390   279M/756M
     360    2/20    1.6163     5.0       --      --   0.357   279M/756M
     370    2/20    1.9306     6.9       --      --   0.394   279M/756M
     380    2/20    1.9266     6.9       --      --   0.413   279M/756M
     390    2/20    2.0502     7.8       --      --   0.451   279M/756M
     400    2/20    2.0348     7.7       --      --   0.447   279M/756M
     410    2/20    1.8666     6.5       --      --   0.402   279M/756M
     420    2/20    1.7245     5.6       --      --   0.381   279M/756M
     430    2/20    1.9506     7.0       --      --   0.408   279M/756M
     440    2/20    1.6266     5.1       --      --   0.350   279M/756M
     450    2/20    1.8965     6.7       --      --   0.432   279M/756M
     460    2/20    1.9396     7.0       --      --   0.400   279M/756M
     470    2/20    1.8099     6.1       --      --   0.398   279M/756M
     480    2/20    1.9420     7.0       --      --   0.426   279M/756M
     490    2/20    1.8135     6.1       --      --   0.410   279M/756M
     500    2/20    1.7958     6.0       --      --   0.401   279M/756M
     510    2/20    1.6334     5.1       --      --   0.387   279M/756M
     520    2/20    1.8973     6.7       --      --   0.408   279M/756M
     530    2/20    2.0750     8.0       --      --   0.454   279M/756M
     540    2/20    1.7633     5.8       --      --   0.379   279M/756M
     550    2/20    1.8054     6.1       --      --   0.423   279M/756M
---------------------------------------------------------------------------
  EPOCH 2/20 SUMMARY: TrLoss=1.8653 | VaLoss=1.9221 | VaPPL=6.8
---------------------------------------------------------------------------
     560    3/20    1.7720     5.9       --      --   0.398   279M/756M
     570    3/20    1.5795     4.9       --      --   0.372   279M/756M
     580    3/20    1.7280     5.6       --      --   0.404   279M/756M
     590    3/20    1.7241     5.6       --      --   0.392   279M/756M
     600    3/20    1.6325     5.1       --      --   0.405   279M/756M
     610    3/20    1.6894     5.4       --      --   0.393   279M/756M
     620    3/20    1.8330     6.3       --      --   0.397   279M/756M
     630    3/20    2.0079     7.4       --      --   0.413   279M/756M
     640    3/20    1.7989     6.0       --      --   0.403   279M/756M
     650    3/20    1.8086     6.1       --      --   0.410   279M/756M
     660    3/20    1.9141     6.8       --      --   0.459   279M/756M
     670    3/20    1.7141     5.6       --      --   0.395   279M/756M
     680    3/20    1.9365     6.9       --      --   0.424   279M/756M
     690    3/20    1.9639     7.1       --      --   0.423   279M/756M
     700    3/20    1.7547     5.8       --      --   0.396   279M/756M
     710    3/20    1.7291     5.6       --      --   0.400   279M/756M
     720    3/20    1.8618     6.4       --      --   0.428   279M/756M
     730    3/20    1.9954     7.4       --      --   0.434   279M/756M
     740    3/20    1.9305     6.9       --      --   0.415   279M/756M
     750    3/20    1.6342     5.1       --      --   0.382   279M/756M
     760    3/20    2.3052    10.0       --      --   0.451   279M/756M
     770    3/20    1.8315     6.2       --      --   0.444   279M/756M
     780    3/20    1.8640     6.4       --      --   0.416   279M/756M
     790    3/20    1.7736     5.9       --      --   0.397   279M/756M
     800    3/20    2.1459     8.5       --      --   0.439   279M/756M
     810    3/20    1.7470     5.7       --      --   0.381   279M/756M
     820    3/20    1.9271     6.9       --      --   0.444   279M/756M
---------------------------------------------------------------------------
  EPOCH 3/20 SUMMARY: TrLoss=1.8537 | VaLoss=1.9160 | VaPPL=6.8
---------------------------------------------------------------------------
     830    4/20    1.6921     5.4       --      --   0.384   279M/756M
     840    4/20    1.9832     7.3       --      --   0.414   279M/756M
     850    4/20    1.8155     6.1       --      --   0.403   279M/756M
     860    4/20    1.6442     5.2       --      --   0.413   279M/756M
     870    4/20    1.7400     5.7       --      --   0.420   279M/756M
     880    4/20    2.0072     7.4       --      --   0.423   279M/756M
     890    4/20    1.7121     5.5       --      --   0.399   279M/756M
     900    4/20    1.5911     4.9       --      --   0.367   279M/756M
     910    4/20    1.6995     5.5       --      --   0.383   279M/756M
     920    4/20    1.9406     7.0       --      --   0.429   279M/756M
     930    4/20    1.5576     4.7       --      --   0.399   279M/756M
     940    4/20    1.6451     5.2       --      --   0.387   279M/756M
     950    4/20    1.7345     5.7       --      --   0.415   279M/756M
     960    4/20    1.9905     7.3       --      --   0.445   279M/756M
     970    4/20    1.7490     5.7       --      --   0.403   279M/756M
     980    4/20    1.8423     6.3       --      --   0.415   279M/756M
     990    4/20    1.9199     6.8       --      --   0.438   279M/756M
    1000    4/20    1.7058     5.5       --      --   0.403   279M/756M
    1010    4/20    1.7372     5.7       --      --   0.414   279M/756M
    1020    4/20    1.8286     6.2       --      --   0.454   279M/756M
    1030    4/20    2.0104     7.5       --      --   0.435   279M/756M
    1040    4/20    1.8616     6.4       --      --   0.415   279M/756M
    1050    4/20    1.9799     7.2       --      --   0.445   279M/756M
    1060    4/20    1.8922     6.6       --      --   0.430   279M/756M
    1070    4/20    1.9597     7.1       --      --   0.450   279M/756M
    1080    4/20    1.7564     5.8       --      --   0.402   279M/756M
    1090    4/20    1.7584     5.8       --      --   0.417   279M/756M
    1100    4/20    1.9267     6.9       --      --   0.443   279M/756M
---------------------------------------------------------------------------
  EPOCH 4/20 SUMMARY: TrLoss=1.8438 | VaLoss=1.9115 | VaPPL=6.8
---------------------------------------------------------------------------
    1110    5/20    1.6695     5.3       --      --   0.416   279M/756M
    1120    5/20    2.1398     8.5       --      --   0.453   279M/756M
    1130    5/20    2.0842     8.0       --      --   0.445   279M/756M
    1140    5/20    1.9784     7.2       --      --   0.426   279M/756M
    1150    5/20    1.8714     6.5       --      --   0.449   279M/756M
    1160    5/20    1.8817     6.6       --      --   0.461   279M/756M
    1170    5/20    1.8221     6.2       --      --   0.421   279M/756M
    1180    5/20    1.6566     5.2       --      --   0.400   279M/756M
    1190    5/20    1.6732     5.3       --      --   0.403   279M/756M
    1200    5/20    1.9105     6.8       --      --   0.456   279M/756M
    1210    5/20    1.8526     6.4       --      --   0.425   279M/756M
    1220    5/20    2.1952     9.0       --      --   0.483   279M/756M
    1230    5/20    2.0313     7.6       --      --   0.448   279M/756M
    1240    5/20    1.8353     6.3       --      --   0.414   279M/756M
    1250    5/20    1.9754     7.2       --      --   0.426   279M/756M
    1260    5/20    2.2333     9.3       --      --   0.500   279M/756M
    1270    5/20    1.6977     5.5       --      --   0.408   279M/756M
    1280    5/20    1.7758     5.9       --      --   0.437   279M/756M
    1290    5/20    1.8541     6.4       --      --   0.432   279M/756M
    1300    5/20    1.6849     5.4       --      --   0.398   279M/756M
    1310    5/20    1.9139     6.8       --      --   0.428   279M/756M
    1320    5/20    1.8891     6.6       --      --   0.435   279M/756M
    1330    5/20    1.7447     5.7       --      --   0.421   279M/756M
    1340    5/20    1.8024     6.1       --      --   0.422   279M/756M
    1350    5/20    1.9228     6.8       --      --   0.452   279M/756M
    1360    5/20    1.6998     5.5       --      --   0.438   279M/756M
    1370    5/20    1.8577     6.4       --      --   0.434   279M/756M
    1380    5/20    1.7320     5.7       --      --   0.386   279M/756M
---------------------------------------------------------------------------
  EPOCH 5/20 SUMMARY: TrLoss=1.8336 | VaLoss=1.9052 | VaPPL=6.7
---------------------------------------------------------------------------
    1390    6/20    1.8808     6.6       --      --   0.398   279M/756M
    1400    6/20    1.7616     5.8       --      --   0.425   279M/756M
    1410    6/20    1.6274     5.1       --      --   0.401   279M/756M
    1420    6/20    1.8642     6.5       --      --   0.426   279M/756M
    1430    6/20    2.2049     9.1       --      --   0.489   279M/756M
    1440    6/20    1.6724     5.3       --      --   0.419   279M/756M
    1450    6/20    1.8641     6.4       --      --   0.419   279M/756M
    1460    6/20    1.8547     6.4       --      --   0.427   279M/756M
    1470    6/20    1.6570     5.2       --      --   0.406   279M/756M
    1480    6/20    2.0696     7.9       --      --   0.468   279M/756M
    1490    6/20    1.7428     5.7       --      --   0.425   279M/756M
    1500    6/20    1.6640     5.3       --      --   0.410   279M/756M
    1510    6/20    1.7578     5.8       --      --   0.429   279M/756M
    1520    6/20    1.8866     6.6       --      --   0.451   279M/756M
    1530    6/20    1.6655     5.3       --      --   0.426   279M/756M
    1540    6/20    1.8680     6.5       --      --   0.477   279M/756M
    1550    6/20    1.8934     6.6       --      --   0.433   279M/756M
    1560    6/20    2.0380     7.7       --      --   0.476   279M/756M
    1570    6/20    1.8844     6.6       --      --   0.436   279M/756M
    1580    6/20    1.7033     5.5       --      --   0.401   279M/756M
    1590    6/20    2.0924     8.1       --      --   0.462   279M/756M
    1600    6/20    1.6429     5.2       --      --   0.402   279M/756M
    1610    6/20    1.9102     6.8       --      --   0.451   279M/756M
    1620    6/20    1.8325     6.2       --      --   0.450   279M/756M
    1630    6/20    1.8242     6.2       --      --   0.441   279M/756M
    1640    6/20    1.9060     6.7       --      --   0.459   279M/756M
    1650    6/20    1.7320     5.7       --      --   0.403   279M/756M
---------------------------------------------------------------------------
  EPOCH 6/20 SUMMARY: TrLoss=1.8245 | VaLoss=1.9006 | VaPPL=6.7
---------------------------------------------------------------------------
    1660    7/20    1.8570     6.4       --      --   0.435   279M/756M
    1670    7/20    1.5857     4.9       --      --   0.412   279M/756M
    1680    7/20    1.6196     5.1       --      --   0.417   279M/756M
    1690    7/20    1.9863     7.3       --      --   0.445   279M/756M
    1700    7/20    1.8207     6.2       --      --   0.417   279M/756M
    1710    7/20    1.7342     5.7       --      --   0.440   279M/756M
    1720    7/20    1.8058     6.1       --      --   0.411   279M/756M
    1730    7/20    1.9513     7.0       --      --   0.457   279M/756M
    1740    7/20    1.7457     5.7       --      --   0.424   279M/756M
    1750    7/20    1.9376     6.9       --      --   0.416   279M/756M
    1760    7/20    1.7254     5.6       --      --   0.427   279M/756M
    1770    7/20    1.9447     7.0       --      --   0.443   279M/756M
    1780    7/20    1.6026     5.0       --      --   0.430   279M/756M
    1790    7/20    1.8231     6.2       --      --   0.443   279M/756M
    1800    7/20    1.9336     6.9       --      --   0.437   279M/756M
    1810    7/20    1.7927     6.0       --      --   0.438   279M/756M
    1820    7/20    1.8802     6.6       --      --   0.457   279M/756M
    1830    7/20    1.7670     5.9       --      --   0.411   279M/756M
    1840    7/20    1.7888     6.0       --      --   0.407   279M/756M
    1850    7/20    2.0392     7.7       --      --   0.463   279M/756M
    1860    7/20    1.7862     6.0       --      --   0.426   279M/756M
    1870    7/20    1.6562     5.2       --      --   0.406   279M/756M
    1880    7/20    1.9908     7.3       --      --   0.475   279M/756M
    1890    7/20    1.8548     6.4       --      --   0.463   279M/756M
    1900    7/20    1.6978     5.5       --      --   0.423   279M/756M
    1910    7/20    1.5652     4.8       --      --   0.408   279M/756M
    1920    7/20    1.8513     6.4       --      --   0.446   279M/756M
    1930    7/20    1.6235     5.1       --      --   0.409   279M/756M
---------------------------------------------------------------------------
  EPOCH 7/20 SUMMARY: TrLoss=1.8154 | VaLoss=1.8962 | VaPPL=6.7
---------------------------------------------------------------------------
    1940    8/20    1.7497     5.8       --      --   0.431   279M/756M
    1950    8/20    1.9427     7.0       --      --   0.457   279M/756M
    1960    8/20    2.0729     7.9       --      --   0.447   279M/756M
    1970    8/20    1.7747     5.9       --      --   0.425   279M/756M
    1980    8/20    1.8495     6.4       --      --   0.423   279M/756M
    1990    8/20    1.7100     5.5       --      --   0.433   279M/756M
    2000    8/20    1.5576     4.7       --      --   0.395   279M/756M
    2010    8/20    1.6603     5.3       --      --   0.422   279M/756M
    2020    8/20    1.7832     5.9       --      --   0.451   279M/756M
    2030    8/20    1.8772     6.5       --      --   0.439   279M/756M
    2040    8/20    1.9752     7.2       --      --   0.466   279M/756M
    2050    8/20    1.6149     5.0       --      --   0.431   279M/756M
    2060    8/20    1.9652     7.1       --      --   0.468   279M/756M
    2070    8/20    1.9963     7.4       --      --   0.472   279M/756M
    2080    8/20    1.5676     4.8       --      --   0.409   279M/756M
    2090    8/20    1.9240     6.8       --      --   0.464   279M/756M
    2100    8/20    1.9071     6.7       --      --   0.446   279M/756M
    2110    8/20    1.9110     6.8       --      --   0.463   279M/756M
    2120    8/20    1.7921     6.0       --      --   0.450   279M/756M
    2130    8/20    1.6840     5.4       --      --   0.410   279M/756M
    2140    8/20    1.9858     7.3       --      --   0.494   279M/756M
    2150    8/20    1.6452     5.2       --      --   0.448   279M/756M
    2160    8/20    1.9613     7.1       --      --   0.467   279M/756M
    2170    8/20    1.7548     5.8       --      --   0.470   279M/756M
    2180    8/20    1.7534     5.8       --      --   0.434   279M/756M
    2190    8/20    1.9229     6.8       --      --   0.438   279M/756M
    2200    8/20    1.8916     6.6       --      --   0.466   279M/756M
---------------------------------------------------------------------------
  EPOCH 8/20 SUMMARY: TrLoss=1.8062 | VaLoss=1.8913 | VaPPL=6.6
---------------------------------------------------------------------------
    2210    9/20    1.6705     5.3       --      --   0.425   279M/756M
    2220    9/20    1.7540     5.8       --      --   0.454   279M/756M
    2230    9/20    2.0782     8.0       --      --   0.480   279M/756M
    2240    9/20    1.6160     5.0       --      --   0.415   279M/756M
    2250    9/20    1.6314     5.1       --      --   0.413   279M/756M
    2260    9/20    1.9690     7.2       --      --   0.482   279M/756M
    2270    9/20    1.6134     5.0       --      --   0.410   279M/756M
    2280    9/20    1.5921     4.9       --      --   0.412   279M/756M
    2290    9/20    1.8298     6.2       --      --   0.436   279M/756M
    2300    9/20    1.6007     5.0       --      --   0.421   279M/756M
    2310    9/20    1.6787     5.4       --      --   0.426   279M/756M
    2320    9/20    1.8367     6.3       --      --   0.479   279M/756M
    2330    9/20    2.0169     7.5       --      --   0.488   279M/756M
    2340    9/20    1.8654     6.5       --      --   0.448   279M/756M
    2350    9/20    2.0125     7.5       --      --   0.501   279M/756M
    2360    9/20    1.8673     6.5       --      --   0.457   279M/756M
    2370    9/20    1.8728     6.5       --      --   0.469   279M/756M
    2380    9/20    2.0040     7.4       --      --   0.483   279M/756M
    2390    9/20    1.7367     5.7       --      --   0.431   279M/756M
    2400    9/20    1.8767     6.5       --      --   0.448   279M/756M
    2410    9/20    1.5411     4.7       --      --   0.413   279M/756M
    2420    9/20    1.7347     5.7       --      --   0.416   279M/756M
    2430    9/20    1.7017     5.5       --      --   0.443   279M/756M
    2440    9/20    1.7892     6.0       --      --   0.453   279M/756M
    2450    9/20    1.6966     5.5       --      --   0.420   279M/756M
    2460    9/20    1.8227     6.2       --      --   0.443   279M/756M
    2470    9/20    1.8516     6.4       --      --   0.451   279M/756M
    2480    9/20    1.6525     5.2       --      --   0.442   279M/756M
---------------------------------------------------------------------------
  EPOCH 9/20 SUMMARY: TrLoss=1.7981 | VaLoss=1.8871 | VaPPL=6.6
---------------------------------------------------------------------------
    2490   10/20    1.8050     6.1       --      --   0.443   279M/756M
    2500   10/20    1.7442     5.7       --      --   0.485   279M/756M
    2510   10/20    1.7551     5.8       --      --   0.460   279M/756M
    2520   10/20    1.8798     6.6       --      --   0.472   279M/756M
    2530   10/20    1.8924     6.6       --      --   0.485   279M/756M
    2540   10/20    1.7575     5.8       --      --   0.456   279M/756M
    2550   10/20    1.9208     6.8       --      --   0.463   279M/756M
    2560   10/20    1.8242     6.2       --      --   0.446   279M/756M
    2570   10/20    1.7314     5.6       --      --   0.447   279M/756M
    2580   10/20    1.8307     6.2       --      --   0.472   279M/756M
    2590   10/20    1.4924     4.4       --      --   0.409   279M/756M
    2600   10/20    1.7904     6.0       --      --   0.425   279M/756M
    2610   10/20    1.7541     5.8       --      --   0.464   279M/756M
    2620   10/20    1.8781     6.5       --      --   0.475   279M/756M
    2630   10/20    1.6771     5.4       --      --   0.460   279M/756M
    2640   10/20    1.6658     5.3       --      --   0.440   279M/756M
    2650   10/20    2.0164     7.5       --      --   0.474   279M/756M
    2660   10/20    1.8783     6.5       --      --   0.485   279M/756M
    2670   10/20    2.0150     7.5       --      --   0.502   279M/756M
    2680   10/20    1.8519     6.4       --      --   0.461   279M/756M
    2690   10/20    1.9684     7.2       --      --   0.482   279M/756M
    2700   10/20    1.9113     6.8       --      --   0.476   279M/756M
    2710   10/20    1.9521     7.0       --      --   0.459   279M/756M
    2720   10/20    1.9593     7.1       --      --   0.458   279M/756M
    2730   10/20    1.9630     7.1       --      --   0.482   279M/756M
    2740   10/20    1.8794     6.5       --      --   0.466   279M/756M
    2750   10/20    1.7041     5.5       --      --   0.430   279M/756M
    2760   10/20    2.0802     8.0       --      --   0.495   279M/756M
---------------------------------------------------------------------------
  EPOCH 10/20 SUMMARY: TrLoss=1.7900 | VaLoss=1.8827 | VaPPL=6.6
---------------------------------------------------------------------------
    2770   11/20    1.7151     5.6       --      --   0.446   279M/756M
    2780   11/20    1.6641     5.3       --      --   0.440   279M/756M
    2790   11/20    1.5353     4.6       --      --   0.434   279M/756M
    2800   11/20    1.8385     6.3       --      --   0.470   279M/756M
    2810   11/20    1.7839     6.0       --      --   0.448   279M/756M
    2820   11/20    1.7856     6.0       --      --   0.478   279M/756M
    2830   11/20    1.4937     4.5       --      --   0.416   279M/756M
    2840   11/20    1.7424     5.7       --      --   0.482   279M/756M
    2850   11/20    1.7496     5.8       --      --   0.437   279M/756M
    2860   11/20    1.8011     6.1       --      --   0.452   279M/756M
    2870   11/20    1.8536     6.4       --      --   0.470   279M/756M
    2880   11/20    1.6877     5.4       --      --   0.451   279M/756M
    2890   11/20    1.6179     5.0       --      --   0.450   279M/756M
    2900   11/20    1.9613     7.1       --      --   0.468   279M/756M
    2910   11/20    2.0750     8.0       --      --   0.534   279M/756M
    2920   11/20    1.5863     4.9       --      --   0.410   279M/756M
    2930   11/20    1.7838     6.0       --      --   0.473   279M/756M
    2940   11/20    2.0108     7.5       --      --   0.473   279M/756M
    2950   11/20    1.9167     6.8       --      --   0.487   279M/756M
    2960   11/20    1.7776     5.9       --      --   0.450   279M/756M
    2970   11/20    1.7121     5.5       --      --   0.443   279M/756M
    2980   11/20    1.6504     5.2       --      --   0.414   279M/756M
    2990   11/20    1.7704     5.9       --      --   0.450   279M/756M
    3000   11/20    1.9697     7.2       --      --   0.523   279M/756M
    3010   11/20    1.7314     5.6       --      --   0.453   279M/756M
    3020   11/20    1.8737     6.5       --      --   0.458   279M/756M
    3030   11/20    1.8010     6.1       --      --   0.483   279M/756M
---------------------------------------------------------------------------
  EPOCH 11/20 SUMMARY: TrLoss=1.7813 | VaLoss=1.8786 | VaPPL=6.5
---------------------------------------------------------------------------
    3040   12/20    1.7680     5.9       --      --   0.458   279M/756M
    3050   12/20    1.7840     6.0       --      --   0.494   279M/756M
    3060   12/20    1.7078     5.5       --      --   0.433   279M/756M
    3070   12/20    1.9141     6.8       --      --   0.489   279M/756M
    3080   12/20    1.5434     4.7       --      --   0.465   279M/756M
    3090   12/20    1.7130     5.5       --      --   0.448   279M/756M
    3100   12/20    1.9889     7.3       --      --   0.524   279M/756M
    3110   12/20    2.0579     7.8       --      --   0.493   279M/756M
    3120   12/20    1.7475     5.7       --      --   0.457   279M/756M
    3130   12/20    1.7622     5.8       --      --   0.486   279M/756M
    3140   12/20    1.9784     7.2       --      --   0.475   279M/756M
    3150   12/20    1.6276     5.1       --      --   0.432   279M/756M
    3160   12/20    1.4565     4.3       --      --   0.410   279M/756M
    3170   12/20    1.7022     5.5       --      --   0.454   279M/756M
    3180   12/20    1.7905     6.0       --      --   0.470   279M/756M
    3190   12/20    1.7842     6.0       --      --   0.460   279M/756M
    3200   12/20    1.9261     6.9       --      --   0.483   279M/756M
    3210   12/20    2.0457     7.7       --      --   0.512   279M/756M
    3220   12/20    1.8263     6.2       --      --   0.497   279M/756M
    3230   12/20    1.8392     6.3       --      --   0.469   279M/756M
    3240   12/20    1.9418     7.0       --      --   0.482   279M/756M
    3250   12/20    1.7933     6.0       --      --   0.476   279M/756M
    3260   12/20    1.6408     5.2       --      --   0.467   279M/756M
    3270   12/20    1.7568     5.8       --      --   0.455   279M/756M
    3280   12/20    1.6090     5.0       --      --   0.447   279M/756M
    3290   12/20    1.6080     5.0       --      --   0.429   279M/756M
    3300   12/20    1.7753     5.9       --      --   0.453   279M/756M
    3310   12/20    1.6902     5.4       --      --   0.462   279M/756M
---------------------------------------------------------------------------
  EPOCH 12/20 SUMMARY: TrLoss=1.7746 | VaLoss=1.8757 | VaPPL=6.5
---------------------------------------------------------------------------
    3320   13/20    1.6227     5.1       --      --   0.426   279M/756M
    3330   13/20    1.9213     6.8       --      --   0.510   279M/756M
    3340   13/20    1.7104     5.5       --      --   0.449   279M/756M
    3350   13/20    1.7833     5.9       --      --   0.463   279M/756M
    3360   13/20    1.6324     5.1       --      --   0.459   279M/756M
    3370   13/20    1.5777     4.8       --      --   0.447   279M/756M
    3380   13/20    1.6840     5.4       --      --   0.429   279M/756M
    3390   13/20    1.8459     6.3       --      --   0.475   279M/756M
    3400   13/20    1.8380     6.3       --      --   0.469   279M/756M
    3410   13/20    1.8043     6.1       --      --   0.481   279M/756M
    3420   13/20    1.8279     6.2       --      --   0.487   279M/756M
    3430   13/20    1.7708     5.9       --      --   0.461   279M/756M
    3440   13/20    2.0379     7.7       --      --   0.484   279M/756M
    3450   13/20    1.8180     6.2       --      --   0.461   279M/756M
    3460   13/20    1.6261     5.1       --      --   0.455   279M/756M
    3470   13/20    1.5995     5.0       --      --   0.446   279M/756M
    3480   13/20    1.7102     5.5       --      --   0.467   279M/756M
    3490   13/20    1.5555     4.7       --      --   0.440   279M/756M
    3500   13/20    1.6840     5.4       --      --   0.443   279M/756M
    3510   13/20    1.6992     5.5       --      --   0.440   279M/756M
    3520   13/20    1.7253     5.6       --      --   0.461   279M/756M
    3530   13/20    1.7978     6.0       --      --   0.492   279M/756M
    3540   13/20    1.6338     5.1       --      --   0.429   279M/756M
    3550   13/20    1.9217     6.8       --      --   0.483   279M/756M
    3560   13/20    1.8320     6.2       --      --   0.476   279M/756M
    3570   13/20    1.9046     6.7       --      --   0.470   279M/756M
    3580   13/20    1.7226     5.6       --      --   0.463   279M/756M
---------------------------------------------------------------------------
  EPOCH 13/20 SUMMARY: TrLoss=1.7667 | VaLoss=1.8724 | VaPPL=6.5
---------------------------------------------------------------------------
    3590   14/20    2.0444     7.7       --      --   0.492   279M/756M
    3600   14/20    1.8802     6.6       --      --   0.520   279M/756M
    3610   14/20    1.8510     6.4       --      --   0.460   279M/756M
    3620   14/20    1.5699     4.8       --      --   0.440   279M/756M
    3630   14/20    1.9317     6.9       --      --   0.507   279M/756M
    3640   14/20    1.6935     5.4       --      --   0.461   279M/756M
    3650   14/20    1.4647     4.3       --      --   0.418   279M/756M
    3660   14/20    1.9125     6.8       --      --   0.481   279M/756M
    3670   14/20    1.5368     4.6       --      --   0.402   279M/756M
    3680   14/20    1.8884     6.6       --      --   0.492   279M/756M
    3690   14/20    1.9147     6.8       --      --   0.523   279M/756M
    3700   14/20    1.7403     5.7       --      --   0.476   279M/756M
    3710   14/20    1.6697     5.3       --      --   0.453   279M/756M
    3720   14/20    1.4990     4.5       --      --   0.445   279M/756M
    3730   14/20    1.7814     5.9       --      --   0.475   279M/756M
    3740   14/20    1.4713     4.4       --      --   0.426   279M/756M
    3750   14/20    1.9506     7.0       --      --   0.496   279M/756M
    3760   14/20    1.8056     6.1       --      --   0.477   279M/756M
    3770   14/20    1.8921     6.6       --      --   0.493   279M/756M
    3780   14/20    1.8169     6.2       --      --   0.487   279M/756M
    3790   14/20    1.6967     5.5       --      --   0.449   279M/756M
    3800   14/20    1.5506     4.7       --      --   0.442   279M/756M
    3810   14/20    1.9229     6.8       --      --   0.494   279M/756M
    3820   14/20    1.7588     5.8       --      --   0.481   279M/756M
    3830   14/20    1.7235     5.6       --      --   0.476   279M/756M
    3840   14/20    1.9573     7.1       --      --   0.491   279M/756M
    3850   14/20    1.6479     5.2       --      --   0.469   279M/756M
    3860   14/20    1.6556     5.2       --      --   0.464   279M/756M
---------------------------------------------------------------------------
  EPOCH 14/20 SUMMARY: TrLoss=1.7581 | VaLoss=1.8687 | VaPPL=6.5
---------------------------------------------------------------------------
    3870   15/20    1.7940     6.0       --      --   0.456   279M/756M
    3880   15/20    1.6532     5.2       --      --   0.453   279M/756M
    3890   15/20    1.9398     7.0       --      --   0.531   279M/756M
    3900   15/20    1.7927     6.0       --      --   0.492   279M/756M
    3910   15/20    1.5759     4.8       --      --   0.436   279M/756M
    3920   15/20    1.9428     7.0       --      --   0.519   279M/756M
    3930   15/20    1.7635     5.8       --      --   0.510   279M/756M
    3940   15/20    1.7357     5.7       --      --   0.451   279M/756M
    3950   15/20    1.9114     6.8       --      --   0.529   279M/756M
    3960   15/20    1.5906     4.9       --      --   0.467   279M/756M
    3970   15/20    1.6782     5.4       --      --   0.491   279M/756M
    3980   15/20    1.6604     5.3       --      --   0.481   279M/756M
    3990   15/20    1.8647     6.5       --      --   0.508   279M/756M
    4000   15/20    1.8178     6.2       --      --   0.458   279M/756M
    4010   15/20    1.8014     6.1       --      --   0.499   279M/756M
    4020   15/20    1.8042     6.1       --      --   0.478   279M/756M
    4030   15/20    1.9171     6.8       --      --   0.483   279M/756M
    4040   15/20    1.9066     6.7       --      --   0.492   279M/756M
    4050   15/20    1.6950     5.4       --      --   0.465   279M/756M
    4060   15/20    1.7790     5.9       --      --   0.496   279M/756M
    4070   15/20    1.6307     5.1       --      --   0.475   279M/756M
    4080   15/20    1.7424     5.7       --      --   0.492   279M/756M
    4090   15/20    1.7073     5.5       --      --   0.458   279M/756M
    4100   15/20    1.6272     5.1       --      --   0.449   279M/756M
    4110   15/20    1.9318     6.9       --      --   0.512   279M/756M
    4120   15/20    1.5040     4.5       --      --   0.472   279M/756M
    4130   15/20    1.8763     6.5       --      --   0.472   279M/756M
    4140   15/20    2.0497     7.8       --      --   0.526   279M/756M
---------------------------------------------------------------------------
  EPOCH 15/20 SUMMARY: TrLoss=1.7505 | VaLoss=1.8657 | VaPPL=6.5
---------------------------------------------------------------------------
    4150   16/20    1.5433     4.7       --      --   0.472   279M/756M
    4160   16/20    1.7052     5.5       --      --   0.480   279M/756M
    4170   16/20    1.8379     6.3       --      --   0.484   279M/756M
    4180   16/20    1.6458     5.2       --      --   0.455   279M/756M
    4190   16/20    1.6770     5.3       --      --   0.435   279M/756M
    4200   16/20    1.6078     5.0       --      --   0.468   279M/756M
    4210   16/20    1.7682     5.9       --      --   0.500   279M/756M
    4220   16/20    1.6891     5.4       --      --   0.468   279M/756M
    4230   16/20    1.5966     4.9       --      --   0.440   279M/756M
    4240   16/20    1.8336     6.3       --      --   0.483   279M/756M
    4250   16/20    1.7758     5.9       --      --   0.515   279M/756M
    4260   16/20    1.8214     6.2       --      --   0.496   279M/756M
    4270   16/20    1.8267     6.2       --      --   0.494   279M/756M
    4280   16/20    1.9108     6.8       --      --   0.492   279M/756M
    4290   16/20    1.6984     5.5       --      --   0.461   279M/756M
    4300   16/20    1.5850     4.9       --      --   0.460   279M/756M
    4310   16/20    1.6717     5.3       --      --   0.503   279M/756M
    4320   16/20    1.5584     4.8       --      --   0.461   279M/756M
    4330   16/20    1.7088     5.5       --      --   0.454   279M/756M
    4340   16/20    1.6523     5.2       --      --   0.497   279M/756M
    4350   16/20    1.6587     5.3       --      --   0.458   279M/756M
    4360   16/20    1.7771     5.9       --      --   0.488   279M/756M
    4370   16/20    1.9390     7.0       --      --   0.540   279M/756M
    4380   16/20    1.6239     5.1       --      --   0.465   279M/756M
    4390   16/20    1.4517     4.3       --      --   0.454   279M/756M
    4400   16/20    1.7773     5.9       --      --   0.522   279M/756M
    4410   16/20    1.7585     5.8       --      --   0.481   279M/756M
---------------------------------------------------------------------------
  EPOCH 16/20 SUMMARY: TrLoss=1.7435 | VaLoss=1.8627 | VaPPL=6.4
---------------------------------------------------------------------------
    4420   17/20    1.6901     5.4       --      --   0.488   279M/756M
    4430   17/20    1.4972     4.5       --      --   0.460   279M/756M
    4440   17/20    1.7250     5.6       --      --   0.464   279M/756M
    4450   17/20    1.8106     6.1       --      --   0.522   279M/756M
    4460   17/20    1.7735     5.9       --      --   0.491   279M/756M
    4470   17/20    1.6476     5.2       --      --   0.486   279M/756M
    4480   17/20    2.3087    10.1       --      --   0.551   279M/756M
    4490   17/20    1.8525     6.4       --      --   0.519   279M/756M
    4500   17/20    1.6470     5.2       --      --   0.482   279M/756M
    4510   17/20    1.7504     5.8       --      --   0.507   279M/756M
    4520   17/20    1.4598     4.3       --      --   0.427   279M/756M
    4530   17/20    1.5825     4.9       --      --   0.453   279M/756M
    4540   17/20    1.7173     5.6       --      --   0.472   279M/756M
    4550   17/20    1.7971     6.0       --      --   0.495   279M/756M
    4560   17/20    1.6580     5.2       --      --   0.524   279M/756M
    4570   17/20    1.8012     6.1       --      --   0.506   279M/756M
    4580   17/20    1.8097     6.1       --      --   0.514   279M/756M
    4590   17/20    1.7605     5.8       --      --   0.500   279M/756M
    4600   17/20    1.7314     5.6       --      --   0.478   279M/756M
    4610   17/20    1.4143     4.1       --      --   0.461   279M/756M
    4620   17/20    1.5332     4.6       --      --   0.478   279M/756M
    4630   17/20    1.9759     7.2       --      --   0.532   279M/756M
    4640   17/20    1.6538     5.2       --      --   0.459   279M/756M
    4650   17/20    1.7228     5.6       --      --   0.490   279M/756M
    4660   17/20    1.8179     6.2       --      --   0.512   279M/756M
    4670   17/20    1.3766     4.0       --      --   0.441   279M/756M
    4680   17/20    1.6712     5.3       --      --   0.490   279M/756M
    4690   17/20    1.7677     5.9       --      --   0.489   279M/756M
---------------------------------------------------------------------------
  EPOCH 17/20 SUMMARY: TrLoss=1.7368 | VaLoss=1.8596 | VaPPL=6.4
---------------------------------------------------------------------------
    4700   18/20    1.6358     5.1       --      --   0.493   279M/756M
    4710   18/20    1.5721     4.8       --      --   0.469   279M/756M
    4720   18/20    1.7285     5.6       --      --   0.477   279M/756M
    4730   18/20    1.8261     6.2       --      --   0.494   279M/756M
    4740   18/20    1.5885     4.9       --      --   0.472   279M/756M
    4750   18/20    1.8086     6.1       --      --   0.522   279M/756M
    4760   18/20    1.4279     4.2       --      --   0.453   279M/756M
    4770   18/20    1.7527     5.8       --      --   0.486   279M/756M
    4780   18/20    1.7283     5.6       --      --   0.476   279M/756M
    4790   18/20    1.5432     4.7       --      --   0.483   279M/756M
    4800   18/20    1.8336     6.3       --      --   0.503   279M/756M
    4810   18/20    1.9011     6.7       --      --   0.517   279M/756M
    4820   18/20    1.6792     5.4       --      --   0.451   279M/756M
    4830   18/20    1.5322     4.6       --      --   0.459   279M/756M
    4840   18/20    1.9257     6.9       --      --   0.548   279M/756M
    4850   18/20    1.5075     4.5       --      --   0.465   279M/756M
    4860   18/20    1.6909     5.4       --      --   0.465   279M/756M
    4870   18/20    1.7114     5.5       --      --   0.506   279M/756M
    4880   18/20    1.9211     6.8       --      --   0.498   279M/756M
    4890   18/20    1.7390     5.7       --      --   0.489   279M/756M
    4900   18/20    2.1443     8.5       --      --   0.530   279M/756M
    4910   18/20    1.8221     6.2       --      --   0.485   279M/756M
    4920   18/20    1.5433     4.7       --      --   0.493   279M/756M
    4930   18/20    1.8157     6.1       --      --   0.514   279M/756M
    4940   18/20    1.6735     5.3       --      --   0.483   279M/756M
    4950   18/20    1.8050     6.1       --      --   0.505   279M/756M
    4960   18/20    1.5046     4.5       --      --   0.472   279M/756M
---------------------------------------------------------------------------
  EPOCH 18/20 SUMMARY: TrLoss=1.7284 | VaLoss=1.8566 | VaPPL=6.4
---------------------------------------------------------------------------
    4970   19/20    1.8702     6.5       --      --   0.529   279M/756M
    4980   19/20    1.5806     4.9       --      --   0.469   279M/756M
    4990   19/20    1.7892     6.0       --      --   0.556   279M/756M
    5000   19/20    1.9025     6.7       --      --   0.514   279M/756M
    5010   19/20    1.6374     5.1       --      --   0.476   279M/756M
    5020   19/20    1.7153     5.6       --      --   0.492   279M/756M
    5030   19/20    1.5829     4.9       --      --   0.480   279M/756M
    5040   19/20    1.6696     5.3       --      --   0.476   279M/756M
    5050   19/20    1.7061     5.5       --      --   0.483   279M/756M
    5060   19/20    1.7746     5.9       --      --   0.509   279M/756M
    5070   19/20    1.8219     6.2       --      --   0.524   279M/756M
    5080   19/20    1.5285     4.6       --      --   0.456   279M/756M
    5090   19/20    1.5815     4.9       --      --   0.474   279M/756M
    5100   19/20    1.7035     5.5       --      --   0.475   279M/756M
    5110   19/20    1.6952     5.4       --      --   0.514   279M/756M
    5120   19/20    1.6928     5.4       --      --   0.481   279M/756M
    5130   19/20    1.9906     7.3       --      --   0.532   279M/756M
    5140   19/20    1.7373     5.7       --      --   0.514   279M/756M
    5150   19/20    1.4458     4.2       --      --   0.449   279M/756M
    5160   19/20    1.7526     5.8       --      --   0.499   279M/756M
    5170   19/20    1.8113     6.1       --      --   0.525   279M/756M
    5180   19/20    1.5391     4.7       --      --   0.491   279M/756M
    5190   19/20    1.5750     4.8       --      --   0.508   279M/756M
    5200   19/20    1.7998     6.0       --      --   0.488   279M/756M
    5210   19/20    1.6471     5.2       --      --   0.521   279M/756M
    5220   19/20    1.7560     5.8       --      --   0.470   279M/756M
    5230   19/20    1.6047     5.0       --      --   0.480   279M/756M
    5240   19/20    1.5520     4.7       --      --   0.486   279M/756M
---------------------------------------------------------------------------
  EPOCH 19/20 SUMMARY: TrLoss=1.7231 | VaLoss=1.8541 | VaPPL=6.4
---------------------------------------------------------------------------
    5250   20/20    2.0246     7.6       --      --   0.567   279M/756M
    5260   20/20    1.7474     5.7       --      --   0.497   279M/756M
    5270   20/20    1.6595     5.3       --      --   0.514   279M/756M
    5280   20/20    1.7732     5.9       --      --   0.492   279M/756M
    5290   20/20    1.6389     5.1       --      --   0.500   279M/756M
    5300   20/20    1.6908     5.4       --      --   0.515   279M/756M
    5310   20/20    1.5430     4.7       --      --   0.484   279M/756M
    5320   20/20    1.8263     6.2       --      --   0.503   279M/756M
    5330   20/20    1.9027     6.7       --      --   0.520   279M/756M
    5340   20/20    1.7658     5.8       --      --   0.526   279M/756M
    5350   20/20    1.9811     7.3       --      --   0.544   279M/756M
    5360   20/20    1.5590     4.8       --      --   0.478   279M/756M
    5370   20/20    2.0038     7.4       --      --   0.570   279M/756M
    5380   20/20    1.7010     5.5       --      --   0.497   279M/756M
    5390   20/20    1.5606     4.8       --      --   0.465   279M/756M
    5400   20/20    1.5983     4.9       --      --   0.471   279M/756M
    5410   20/20    1.5549     4.7       --      --   0.494   279M/756M
    5420   20/20    1.7906     6.0       --      --   0.525   279M/756M
    5430   20/20    1.5835     4.9       --      --   0.460   279M/756M
    5440   20/20    1.8552     6.4       --      --   0.542   279M/756M
    5450   20/20    1.7331     5.7       --      --   0.502   279M/756M
    5460   20/20    1.5000     4.5       --      --   0.458   279M/756M
    5470   20/20    1.5707     4.8       --      --   0.446   279M/756M
    5480   20/20    1.8266     6.2       --      --   0.520   279M/756M
    5490   20/20    1.7738     5.9       --      --   0.535   279M/756M
    5500   20/20    1.7191     5.6       --      --   0.496   279M/756M
    5510   20/20    1.7155     5.6       --      --   0.517   279M/756M
    5520   20/20    1.7910     6.0       --      --   0.515   279M/756M
---------------------------------------------------------------------------
  EPOCH 20/20 SUMMARY: TrLoss=1.7160 | VaLoss=1.8513 | VaPPL=6.4
---------------------------------------------------------------------------
